// Jest Snapshot v1, https://goo.gl/fbAQLP

exports[`Test on GiftExpert Component should Match With Snapshot GiftExpert Correctly 1`] = `
<Fragment>
  <h1>
    GiftExpertApp
  </h1>
  <UiAddCategory
    setCategories={[Function]}
  />
  <hr />
  <ol>
    <GifGrid
      category="One punch"
      key="One punch0"
    />
  </ol>
</Fragment>
`;
